OpenROAD unknown 
Features included (+) or not (-): -GPU +GUI -Python
This program is licensed under the BSD-3 license. See the LICENSE file for details.
Components of this program may be licensed under more restrictive licenses which must be honored.
[INFO ORD-0030] Using 4 thread(s).
read_liberty /OpenROAD-flow-scripts/flow/platforms/nangate45/lib/NangateOpenCellLibrary_typical.lib
read_db /design/work/results/nangate45/UART16/base/3_1_place_gp_skip_io.odb
read_sdc /design/work/results/nangate45/UART16/base/2_floorplan.sdc
source /OpenROAD-flow-scripts/flow/platforms/nangate45/setRC.tcl
place_pins -hor_layers metal5 -ver_layers metal6
Found 0 macro blocks.
Using 2 tracks default min distance between IO pins.
[INFO PPL-0001] Number of available slots 256
[INFO PPL-0002] Number of I/O             41
[INFO PPL-0003] Number of I/O w/sink      31
[INFO PPL-0004] Number of I/O w/o sink    10
[INFO PPL-0005] Slots per section         200
[INFO PPL-0008] Successfully assigned pins to sections.
[INFO PPL-0012] I/O nets HPWL: 305.71 um.
Design area 537 um^2 43% utilization.
write_db /design/work/results/nangate45/UART16/base/3_2_place_iop.odb
Elapsed time: 0:00.34[h:]min:sec. CPU time: user 0.28 sys 0.05 (98%). Peak memory: 96512KB.
Log                       Ext     Elapsed/s Peak Memory/MB sha1sum result [0:20)
3_2_place_iop             .odb            0             94 eede6b4edb839f5504fd
