OpenROAD unknown 
Features included (+) or not (-): -GPU +GUI -Python
This program is licensed under the BSD-3 license. See the LICENSE file for details.
Components of this program may be licensed under more restrictive licenses which must be honored.
[INFO ORD-0030] Using 4 thread(s).
read_liberty /OpenROAD-flow-scripts/flow/platforms/nangate45/lib/NangateOpenCellLibrary_typical.lib
read_db /design/work/results/nangate45/UART16/base/3_3_place_gp.odb
read_sdc /design/work/results/nangate45/UART16/base/2_floorplan.sdc
source /OpenROAD-flow-scripts/flow/platforms/nangate45/setRC.tcl
estimate_parasitics -placement
Perform buffer insertion and gate resizing...
repair_design -verbose
Iteration |   Area    | Resized | Buffers | Nets repaired | Remaining
---------------------------------------------------------------------
        0 |     +0.0% |       0 |       0 |             0 |       402
       10 |     +0.0% |       0 |       0 |             0 |       392
       20 |     +0.0% |       0 |       0 |             0 |       382
       30 |     +0.0% |       0 |       0 |             0 |       372
       40 |     +0.0% |       0 |       0 |             0 |       362
       50 |     +0.0% |       0 |       0 |             0 |       352
       60 |     +0.0% |       0 |       0 |             0 |       342
       70 |     +0.0% |       0 |       0 |             0 |       332
       80 |     +0.0% |       0 |       0 |             0 |       322
       90 |     +0.0% |       0 |       0 |             0 |       312
      100 |     +0.0% |       0 |       0 |             0 |       302
      110 |     +0.0% |       0 |       0 |             0 |       292
      120 |     +0.0% |       0 |       0 |             0 |       282
      130 |     +0.0% |       0 |       0 |             0 |       272
      140 |     +0.0% |       0 |       0 |             0 |       262
      150 |     +0.0% |       0 |       0 |             0 |       252
      160 |     +0.0% |       0 |       0 |             0 |       242
      170 |     +0.0% |       0 |       0 |             0 |       232
      180 |     +0.0% |       0 |       0 |             0 |       222
      190 |     +0.0% |       0 |       0 |             0 |       212
      200 |     +0.0% |       0 |       0 |             0 |       202
      210 |     +0.0% |       0 |       0 |             0 |       192
      220 |     +0.0% |       0 |       0 |             0 |       182
      230 |     +0.0% |       0 |       0 |             0 |       172
      240 |     +0.0% |       0 |       0 |             0 |       162
      250 |     +0.0% |       0 |       0 |             0 |       152
      260 |     +0.0% |       0 |       0 |             0 |       142
      270 |     +0.0% |       0 |       0 |             0 |       132
      280 |     +0.0% |       0 |       0 |             0 |       122
      290 |     +0.0% |       0 |       0 |             0 |       112
      300 |     +0.0% |       0 |       0 |             0 |       102
      310 |     +0.0% |       0 |       0 |             0 |        92
      320 |     +0.0% |       0 |       0 |             0 |        82
      330 |     +0.0% |       0 |       0 |             0 |        72
      340 |     +0.0% |       0 |       0 |             0 |        62
      350 |     +0.0% |       0 |       0 |             0 |        52
      360 |     +0.0% |       0 |       0 |             0 |        42
      370 |     +0.0% |       0 |       0 |             0 |        32
      380 |     +0.0% |       0 |       0 |             0 |        22
      390 |     +0.0% |       0 |       0 |             0 |        12
      400 |     +0.0% |       0 |       0 |             0 |         2
    final |     +0.0% |       0 |       0 |             0 |         0
---------------------------------------------------------------------
[INFO RSZ-0504] Runtime: 0.03s
Floating nets: 
Report metrics stage 3, resizer...

==========================================================================
resizer report_design_area
--------------------------------------------------------------------------
Design area 537 um^2 43% utilization.
Instance count before 358, after 358
Pin count before 979, after 979
write_db /design/work/results/nangate45/UART16/base/3_4_place_resized.odb
Elapsed time: 0:00.49[h:]min:sec. CPU time: user 0.44 sys 0.08 (105%). Peak memory: 128952KB.
Log                       Ext     Elapsed/s Peak Memory/MB sha1sum result [0:20)
3_4_place_resized         .odb            0            125 421dc62f0c42585e2c24
