OpenROAD unknown 
Features included (+) or not (-): -GPU +GUI -Python
This program is licensed under the BSD-3 license. See the LICENSE file for details.
Components of this program may be licensed under more restrictive licenses which must be honored.
[INFO ORD-0030] Using 4 thread(s).
read_liberty /OpenROAD-flow-scripts/flow/platforms/nangate45/lib/NangateOpenCellLibrary_typical.lib
read_db /design/work/results/nangate45/UART16/base/3_4_place_resized.odb
read_sdc /design/work/results/nangate45/UART16/base/2_floorplan.sdc
source /OpenROAD-flow-scripts/flow/platforms/nangate45/setRC.tcl
detailed_placement
[INFO DPL-0006] Core area: 1250.20 um^2
[INFO DPL-0007] Movable instances area: 523.49 um^2
[INFO DPL-0008] Fixed instances area within core: 13.30 um^2
[INFO DPL-0009] Utilization: 42.9%
[INFO DPL-0005] Diamond search max displacement: +/- 500 sites horizontally, +/- 100 rows vertically.
[INFO DPL-1102] Legalizing using negotiation legalizer.
[INFO DPL-1103] Negotiation base search window: +/-20 sites horizontally, +/-5 rows vertically 
	Automatic search window extension enabled.
	Search window extendable up to the max displacement cap of +/-500 sites, +/-100 rows near walls.
[INFO DPL-1104] NegotiationLegalizer DRC penalty: 5.
[INFO DPL-0392] Negotiation cell height distribution (1 unique row-count(s)):
[INFO DPL-0393]   height 1 row(s): 358 cells
          |      Total |  Illegal |  Illegal
Iteration | Violations |    Cells |    Sites
---------------------------------------------
        0 |         85 |        33 |        52
        1 |          0 |         0 |         0
Negotiation phase 1 converged at iteration 1.
[INFO DPL-0500] Runtime: 0.00s
Detailed Placement Analysis
---------------------------------
legalizer            negotiation
total moves                 324
total displacement        371.2 u
average displacement        1.0 u
max displacement            3.7 u
original HPWL            1193.7 u
legalized HPWL           1418.7 u
delta HPWL                   19 %

improve_placement -max_displacement "5 1"
Detailed placement improvement.
[INFO DPL-0401] Setting random seed to 1.
[INFO DPL-0402] Setting maximum displacement 5 1 to 14000 2800 units.
[INFO DPL-0320] Collected 91 fixed cells.
[INFO DPL-0318] Collected 308 single height cells.
[INFO DPL-0321] Collected 0 wide cells.
[INFO DPL-0322] Image (2280, 2800) - (73720, 72800)
[INFO DPL-0310] Assigned 308 cells into segments.  Movement in X-direction is 0.000000, movement in Y-direction is 0.000000.
[INFO DPL-0313] Found 0 cells in wrong regions.
[INFO DPL-0315] Found 0 row alignment problems.
[INFO DPL-0314] Found 0 site alignment problems.
[INFO DPL-0311] Found 0 overlaps between adjacent cells.
[INFO DPL-0312] Found 0 edge spacing violations and 0 padding violations.
[INFO DPL-0303] Running algorithm for independent set matching.
[INFO DPL-0300] Set matching objective is wirelength.
[INFO DPL-0301] Pass   1 of matching; objective is 2.835880e+06.
[INFO DPL-0302] End of matching; objective is 2.823010e+06, improvement is 0.45 percent.
[INFO DPL-0303] Running algorithm for global swaps.
[INFO DPL-0306] Pass   1 of global swaps; hpwl is 2.759350e+06.
[INFO DPL-0306] Pass   2 of global swaps; hpwl is 2.744755e+06.
[INFO DPL-0307] End of global swaps; objective is 2.744755e+06, improvement is 2.77 percent.
[INFO DPL-0303] Running algorithm for vertical swaps.
[INFO DPL-0308] Pass   1 of vertical swaps; hpwl is 2.717515e+06.
[INFO DPL-0309] End of vertical swaps; objective is 2.717515e+06, improvement is 0.99 percent.
[INFO DPL-0303] Running algorithm for reordering.
[INFO DPL-0304] Pass   1 of reordering; objective is 2.709655e+06.
[INFO DPL-0305] End of reordering; objective is 2.709655e+06, improvement is 0.29 percent.
[INFO DPL-0303] Running algorithm for random improvement.
[INFO DPL-0324] Random improver is using random generator.
[INFO DPL-0325] Random improver is using hpwl objective.
[INFO DPL-0326] Random improver cost string is (a).
[INFO DPL-0332] End of pass, Generator random called 6160 times.
[INFO DPL-0335] Generator random, Cumulative attempts 6160, swaps 939, moves  2142 since last reset.
[INFO DPL-0333] End of pass, Objective hpwl, Initial cost 2.709655e+06, Scratch cost 2.642625e+06, Incremental cost 2.642625e+06, Mismatch? N
[INFO DPL-0338] End of pass, Total cost is 2.642625e+06.
[INFO DPL-0327] Pass   1 of random improver; improvement in cost is 2.47 percent.
[INFO DPL-0332] End of pass, Generator random called 6160 times.
[INFO DPL-0335] Generator random, Cumulative attempts 12320, swaps 1799, moves  4282 since last reset.
[INFO DPL-0333] End of pass, Objective hpwl, Initial cost 2.642625e+06, Scratch cost 2.600620e+06, Incremental cost 2.600620e+06, Mismatch? N
[INFO DPL-0338] End of pass, Total cost is 2.600620e+06.
[INFO DPL-0327] Pass   2 of random improver; improvement in cost is 1.59 percent.
[INFO DPL-0332] End of pass, Generator random called 6160 times.
[INFO DPL-0335] Generator random, Cumulative attempts 18480, swaps 2671, moves  6412 since last reset.
[INFO DPL-0333] End of pass, Objective hpwl, Initial cost 2.600620e+06, Scratch cost 2.585595e+06, Incremental cost 2.585595e+06, Mismatch? N
[INFO DPL-0338] End of pass, Total cost is 2.585595e+06.
[INFO DPL-0327] Pass   3 of random improver; improvement in cost is 0.58 percent.
[INFO DPL-0328] End of random improver; improvement is 4.578443 percent.
[INFO DPL-0380] Cell flipping.
[INFO DPL-0382] Changed 0 cell orientations for row compatibility.
[INFO DPL-0383] Performed 110 cell flips.
[INFO DPL-0384] End of flipping; objective is 2.479240e+06, improvement is 4.11 percent.
[INFO DPL-0313] Found 0 cells in wrong regions.
[INFO DPL-0315] Found 0 row alignment problems.
[INFO DPL-0314] Found 0 site alignment problems.
[INFO DPL-0311] Found 0 overlaps between adjacent cells.
[INFO DPL-0312] Found 0 edge spacing violations and 0 padding violations.
Place Optimization Analysis
---------------------------------
total attempts            36960
relocated cells             186
total displacement        289.7 u
average displacement        1.6 u
max displacement            6.7 u
original HPWL            1418.7 u
improved HPWL            1244.8 u
delta HPWL                  -12 %

optimize_mirroring
[INFO DPL-0020] Mirrored 14 instances
[INFO DPL-0021] HPWL before            1244.8 u
[INFO DPL-0022] HPWL after             1244.0 u
[INFO DPL-0023] HPWL delta               -0.1 %
[INFO FLW-0012] Placement violations .
estimate_parasitics -placement
Report metrics stage 3, detailed place...

==========================================================================
detailed place report_design_area
--------------------------------------------------------------------------
Design area 537 um^2 43% utilization.
write_db /design/work/results/nangate45/UART16/base/3_5_place_dp.odb
write_sdc -no_timestamp /design/work/results/nangate45/UART16/base/3_place.sdc
Elapsed time: 0:00.51[h:]min:sec. CPU time: user 0.47 sys 0.08 (105%). Peak memory: 102912KB.
Log                       Ext     Elapsed/s Peak Memory/MB sha1sum result [0:20)
3_5_place_dp              .odb            0            100 afdaea332b47731cab9e
