OpenROAD unknown 
Features included (+) or not (-): -GPU +GUI -Python
This program is licensed under the BSD-3 license. See the LICENSE file for details.
Components of this program may be licensed under more restrictive licenses which must be honored.
[INFO ORD-0030] Using 4 thread(s).
read_liberty /OpenROAD-flow-scripts/flow/platforms/nangate45/lib/NangateOpenCellLibrary_typical.lib
read_db /design/work/results/nangate45/UART16/base/5_1_grt.odb
read_sdc /design/work/results/nangate45/UART16/base/5_1_grt.sdc
source /OpenROAD-flow-scripts/flow/platforms/nangate45/setRC.tcl
detailed_route -output_drc /design/work/reports/nangate45/UART16/base/5_route_drc.rpt -output_maze /design/work/results/nangate45/UART16/base/maze.log -droute_end_iter 64 -verbose 1 -drc_report_iter_step 5
[INFO DRT-0149] Reading tech and libs.

Units:                2000
Number of layers:     21
Number of macros:     135
Number of vias:       33
Number of viarulegen: 19

[INFO DRT-0150] Reading design.

Design:                   UART16
Die area:                 ( 0 0 ) ( 76090 76090 )
Number of track patterns: 20
Number of DEF vias:       0
Number of components:     362
Number of terminals:      43
Number of snets:          2
Number of nets:           405

[INFO DRT-0167] List of default vias:
  Layer via2
    default via: via2_5
  Layer via3
    default via: via3_2
  Layer via4
    default via: via4_0
  Layer via5
    default via: via5_0
  Layer via6
    default via: via6_0
  Layer via7
    default via: via7_0
  Layer via8
    default via: via8_0
  Layer via9
    default via: via9_0
[INFO DRT-0162] Library cell analysis.
[INFO DRT-0163] Instance analysis.
[INFO DRT-0164] Number of unique instances = 46.
[INFO DRT-0168] Init region query.
[INFO DRT-0024]   Complete active.
[INFO DRT-0024]   Complete Fr_VIA.
[INFO DRT-0024]   Complete metal1.
[INFO DRT-0024]   Complete via1.
[INFO DRT-0024]   Complete metal2.
[INFO DRT-0024]   Complete via2.
[INFO DRT-0024]   Complete metal3.
[INFO DRT-0024]   Complete via3.
[INFO DRT-0024]   Complete metal4.
[INFO DRT-0024]   Complete via4.
[INFO DRT-0024]   Complete metal5.
[INFO DRT-0024]   Complete via5.
[INFO DRT-0024]   Complete metal6.
[INFO DRT-0024]   Complete via6.
[INFO DRT-0024]   Complete metal7.
[INFO DRT-0024]   Complete via7.
[INFO DRT-0024]   Complete metal8.
[INFO DRT-0024]   Complete via8.
[INFO DRT-0024]   Complete metal9.
[INFO DRT-0024]   Complete via9.
[INFO DRT-0024]   Complete metal10.
[INFO DRT-0033] active shape region query size = 0.
[INFO DRT-0033] FR_VIA shape region query size = 0.
[INFO DRT-0033] metal1 shape region query size = 5868.
[INFO DRT-0033] via1 shape region query size = 78.
[INFO DRT-0033] metal2 shape region query size = 52.
[INFO DRT-0033] via2 shape region query size = 78.
[INFO DRT-0033] metal3 shape region query size = 52.
[INFO DRT-0033] via3 shape region query size = 78.
[INFO DRT-0033] metal4 shape region query size = 31.
[INFO DRT-0033] via4 shape region query size = 30.
[INFO DRT-0033] metal5 shape region query size = 21.
[INFO DRT-0033] via5 shape region query size = 30.
[INFO DRT-0033] metal6 shape region query size = 32.
[INFO DRT-0033] via6 shape region query size = 12.
[INFO DRT-0033] metal7 shape region query size = 9.
[INFO DRT-0033] via7 shape region query size = 0.
[INFO DRT-0033] metal8 shape region query size = 0.
[INFO DRT-0033] via8 shape region query size = 0.
[INFO DRT-0033] metal9 shape region query size = 0.
[INFO DRT-0033] via9 shape region query size = 0.
[INFO DRT-0033] metal10 shape region query size = 0.
[INFO DRT-0165] Start pin access.
[INFO DRT-0078]   Complete 227 pins.
[INFO DRT-0081]   Complete 46 unique inst patterns.
[INFO DRT-0084]   Complete 189 groups.
#scanned instances     = 362
#unique  instances     = 46
#stdCellGenAp          = 1116
#stdCellValidPlanarAp  = 0
#stdCellValidViaAp     = 828
#stdCellPinNoAp        = 0
#stdCellPinCnt         = 986
#instTermValidViaApCnt = 0
#macroGenAp            = 0
#macroValidPlanarAp    = 0
#macroValidViaAp       = 0
#macroNoAp             = 0
[INFO DRT-0166] Complete pin access.
[INFO DRT-0267] cpu time = 00:00:06, elapsed time = 00:00:01, memory = 237.48 (MB), peak = 237.12 (MB)

[INFO DRT-0157] Number of guides:     2051

[INFO DRT-0169] Post process guides.
[INFO DRT-0176] GCELLGRID X 0 DO 13 STEP 5700 ;
[INFO DRT-0177] GCELLGRID Y 0 DO 13 STEP 5700 ;
[INFO DRT-0028]   Complete active.
[INFO DRT-0028]   Complete Fr_VIA.
[INFO DRT-0028]   Complete metal1.
[INFO DRT-0028]   Complete via1.
[INFO DRT-0028]   Complete metal2.
[INFO DRT-0028]   Complete via2.
[INFO DRT-0028]   Complete metal3.
[INFO DRT-0028]   Complete via3.
[INFO DRT-0028]   Complete metal4.
[INFO DRT-0028]   Complete via4.
[INFO DRT-0028]   Complete metal5.
[INFO DRT-0028]   Complete via5.
[INFO DRT-0028]   Complete metal6.
[INFO DRT-0028]   Complete via6.
[INFO DRT-0028]   Complete metal7.
[INFO DRT-0028]   Complete via7.
[INFO DRT-0028]   Complete metal8.
[INFO DRT-0028]   Complete via8.
[INFO DRT-0028]   Complete metal9.
[INFO DRT-0028]   Complete via9.
[INFO DRT-0028]   Complete metal10.
[INFO DRT-0178] Init guide query.
[INFO DRT-0035]   Complete active (guide).
[INFO DRT-0035]   Complete Fr_VIA (guide).
[INFO DRT-0035]   Complete metal1 (guide).
[INFO DRT-0035]   Complete via1 (guide).
[INFO DRT-0035]   Complete metal2 (guide).
[INFO DRT-0035]   Complete via2 (guide).
[INFO DRT-0035]   Complete metal3 (guide).
[INFO DRT-0035]   Complete via3 (guide).
[INFO DRT-0035]   Complete metal4 (guide).
[INFO DRT-0035]   Complete via4 (guide).
[INFO DRT-0035]   Complete metal5 (guide).
[INFO DRT-0035]   Complete via5 (guide).
[INFO DRT-0035]   Complete metal6 (guide).
[INFO DRT-0035]   Complete via6 (guide).
[INFO DRT-0035]   Complete metal7 (guide).
[INFO DRT-0035]   Complete via7 (guide).
[INFO DRT-0035]   Complete metal8 (guide).
[INFO DRT-0035]   Complete via8 (guide).
[INFO DRT-0035]   Complete metal9 (guide).
[INFO DRT-0035]   Complete via9 (guide).
[INFO DRT-0035]   Complete metal10 (guide).
[INFO DRT-0036] active guide region query size = 0.
[INFO DRT-0036] FR_VIA guide region query size = 0.
[INFO DRT-0036] metal1 guide region query size = 714.
[INFO DRT-0036] via1 guide region query size = 0.
[INFO DRT-0036] metal2 guide region query size = 538.
[INFO DRT-0036] via2 guide region query size = 0.
[INFO DRT-0036] metal3 guide region query size = 261.
[INFO DRT-0036] via3 guide region query size = 0.
[INFO DRT-0036] metal4 guide region query size = 37.
[INFO DRT-0036] via4 guide region query size = 0.
[INFO DRT-0036] metal5 guide region query size = 32.
[INFO DRT-0036] via5 guide region query size = 0.
[INFO DRT-0036] metal6 guide region query size = 16.
[INFO DRT-0036] via6 guide region query size = 0.
[INFO DRT-0036] metal7 guide region query size = 0.
[INFO DRT-0036] via7 guide region query size = 0.
[INFO DRT-0036] metal8 guide region query size = 0.
[INFO DRT-0036] via8 guide region query size = 0.
[INFO DRT-0036] metal9 guide region query size = 0.
[INFO DRT-0036] via9 guide region query size = 0.
[INFO DRT-0036] metal10 guide region query size = 0.
[INFO DRT-0179] Init gr pin query.
[INFO DRT-0267] cpu time = 00:00:00, elapsed time = 00:00:00, memory = 238.47 (MB), peak = 238.00 (MB)
[INFO DRT-0245] skipped writing guide updates to database.
[INFO DRT-0181] Start track assignment.
[INFO DRT-0184] Done with 591 vertical wires in 1 frboxes and 1007 horizontal wires in 1 frboxes.
[INFO DRT-0186] Done with 94 vertical wires in 1 frboxes and 119 horizontal wires in 1 frboxes.
[INFO DRT-0182] Complete track assignment.
[INFO DRT-0267] cpu time = 00:00:00, elapsed time = 00:00:00, memory = 242.10 (MB), peak = 241.75 (MB)
[INFO DRT-0187] Start routing data preparation.
[INFO DRT-0267] cpu time = 00:00:00, elapsed time = 00:00:00, memory = 242.10 (MB), peak = 241.75 (MB)
[INFO DRT-0194] Start detail routing.
[INFO DRT-0195] Start 0th optimization iteration.
    Completing 20% with 0 violations.
    elapsed time = 00:00:00, memory = 255.27 (MB).
    Completing 50% with 0 violations.
    elapsed time = 00:00:00, memory = 268.53 (MB).
    Completing 70% with 0 violations.
    elapsed time = 00:00:01, memory = 269.55 (MB).
    Completing 100% with 2 violations.
    elapsed time = 00:00:01, memory = 269.57 (MB).
[INFO DRT-0199]   Number of violations = 13.
Viol/Layer      metal2 metal3
Metal Spacing        1      0
Recheck              6      5
Short                1      0
[INFO DRT-0267] cpu time = 00:00:01, elapsed time = 00:00:01, memory = 275.70 (MB), peak = 673.38 (MB)
Total wire length = 1584 um.
Total wire length on LAYER metal1 = 0 um.
Total wire length on LAYER metal2 = 803 um.
Total wire length on LAYER metal3 = 707 um.
Total wire length on LAYER metal4 = 41 um.
Total wire length on LAYER metal5 = 17 um.
Total wire length on LAYER metal6 = 13 um.
Total wire length on LAYER metal7 = 0 um.
Total wire length on LAYER metal8 = 0 um.
Total wire length on LAYER metal9 = 0 um.
Total wire length on LAYER metal10 = 0 um.
Total number of vias = 1679.
Up-via summary (total 1679):

---------------
 active       0
 metal1     946
 metal2     651
 metal3      35
 metal4      31
 metal5      16
 metal6       0
 metal7       0
 metal8       0
 metal9       0
---------------
       1679


[INFO DRT-0195] Start 1st optimization iteration.
    Completing 10% with 13 violations.
    elapsed time = 00:00:00, memory = 275.70 (MB).
    Completing 20% with 13 violations.
    elapsed time = 00:00:00, memory = 276.78 (MB).
    Completing 30% with 13 violations.
    elapsed time = 00:00:00, memory = 276.78 (MB).
    Completing 40% with 13 violations.
    elapsed time = 00:00:00, memory = 276.79 (MB).
    Completing 50% with 13 violations.
    elapsed time = 00:00:00, memory = 279.45 (MB).
    Completing 60% with 13 violations.
    elapsed time = 00:00:00, memory = 279.70 (MB).
    Completing 70% with 7 violations.
    elapsed time = 00:00:00, memory = 279.71 (MB).
    Completing 80% with 7 violations.
    elapsed time = 00:00:00, memory = 279.71 (MB).
    Completing 100% with 1 violations.
    elapsed time = 00:00:01, memory = 280.82 (MB).
[INFO DRT-0199]   Number of violations = 1.
Viol/Layer      metal2
Short                1
[INFO DRT-0267] cpu time = 00:00:02, elapsed time = 00:00:01, memory = 402.09 (MB), peak = 676.71 (MB)
Total wire length = 1567 um.
Total wire length on LAYER metal1 = 0 um.
Total wire length on LAYER metal2 = 791 um.
Total wire length on LAYER metal3 = 701 um.
Total wire length on LAYER metal4 = 43 um.
Total wire length on LAYER metal5 = 17 um.
Total wire length on LAYER metal6 = 13 um.
Total wire length on LAYER metal7 = 0 um.
Total wire length on LAYER metal8 = 0 um.
Total wire length on LAYER metal9 = 0 um.
Total wire length on LAYER metal10 = 0 um.
Total number of vias = 1672.
Up-via summary (total 1672):

---------------
 active       0
 metal1     944
 metal2     647
 metal3      34
 metal4      31
 metal5      16
 metal6       0
 metal7       0
 metal8       0
 metal9       0
---------------
       1672


[INFO DRT-0195] Start 2nd optimization iteration.
    Completing 10% with 1 violations.
    elapsed time = 00:00:00, memory = 402.09 (MB).
    Completing 20% with 1 violations.
    elapsed time = 00:00:00, memory = 402.16 (MB).
    Completing 30% with 1 violations.
    elapsed time = 00:00:00, memory = 402.16 (MB).
    Completing 40% with 1 violations.
    elapsed time = 00:00:00, memory = 402.16 (MB).
    Completing 50% with 1 violations.
    elapsed time = 00:00:00, memory = 402.16 (MB).
    Completing 60% with 1 violations.
    elapsed time = 00:00:00, memory = 402.16 (MB).
    Completing 70% with 1 violations.
    elapsed time = 00:00:00, memory = 402.16 (MB).
    Completing 80% with 1 violations.
    elapsed time = 00:00:00, memory = 402.16 (MB).
    Completing 100% with 1 violations.
    elapsed time = 00:00:00, memory = 402.16 (MB).
[INFO DRT-0199]   Number of violations = 1.
Viol/Layer      metal2
Short                1
[INFO DRT-0267] cpu time = 00:00:00, elapsed time = 00:00:00, memory = 677.18 (MB), peak = 676.71 (MB)
Total wire length = 1569 um.
Total wire length on LAYER metal1 = 0 um.
Total wire length on LAYER metal2 = 781 um.
Total wire length on LAYER metal3 = 711 um.
Total wire length on LAYER metal4 = 43 um.
Total wire length on LAYER metal5 = 18 um.
Total wire length on LAYER metal6 = 13 um.
Total wire length on LAYER metal7 = 0 um.
Total wire length on LAYER metal8 = 0 um.
Total wire length on LAYER metal9 = 0 um.
Total wire length on LAYER metal10 = 0 um.
Total number of vias = 1674.
Up-via summary (total 1674):

---------------
 active       0
 metal1     943
 metal2     648
 metal3      36
 metal4      31
 metal5      16
 metal6       0
 metal7       0
 metal8       0
 metal9       0
---------------
       1674


[INFO DRT-0195] Start 3rd guides tiles iteration.
    Completing 50% with 1 violations.
    elapsed time = 00:00:00, memory = 677.18 (MB).
    Completing 100% with 0 violations.
    elapsed time = 00:00:00, memory = 677.18 (MB).
[INFO DRT-0199]   Number of violations = 0.
[INFO DRT-0267] cpu time = 00:00:00, elapsed time = 00:00:00, memory = 683.02 (MB), peak = 682.55 (MB)
Total wire length = 1570 um.
Total wire length on LAYER metal1 = 0 um.
Total wire length on LAYER metal2 = 780 um.
Total wire length on LAYER metal3 = 713 um.
Total wire length on LAYER metal4 = 43 um.
Total wire length on LAYER metal5 = 18 um.
Total wire length on LAYER metal6 = 13 um.
Total wire length on LAYER metal7 = 0 um.
Total wire length on LAYER metal8 = 0 um.
Total wire length on LAYER metal9 = 0 um.
Total wire length on LAYER metal10 = 0 um.
Total number of vias = 1676.
Up-via summary (total 1676):

---------------
 active       0
 metal1     943
 metal2     650
 metal3      36
 metal4      31
 metal5      16
 metal6       0
 metal7       0
 metal8       0
 metal9       0
---------------
       1676


[INFO DRT-0198] Complete detail routing.
Total wire length = 1570 um.
Total wire length on LAYER metal1 = 0 um.
Total wire length on LAYER metal2 = 780 um.
Total wire length on LAYER metal3 = 713 um.
Total wire length on LAYER metal4 = 43 um.
Total wire length on LAYER metal5 = 18 um.
Total wire length on LAYER metal6 = 13 um.
Total wire length on LAYER metal7 = 0 um.
Total wire length on LAYER metal8 = 0 um.
Total wire length on LAYER metal9 = 0 um.
Total wire length on LAYER metal10 = 0 um.
Total number of vias = 1676.
Up-via summary (total 1676):

---------------
 active       0
 metal1     943
 metal2     650
 metal3      36
 metal4      31
 metal5      16
 metal6       0
 metal7       0
 metal8       0
 metal9       0
---------------
       1676


[INFO DRT-0267] cpu time = 00:00:04, elapsed time = 00:00:04, memory = 683.14 (MB), peak = 682.68 (MB)

[INFO DRT-0180] Post processing.
[INFO DRT-0501] Runtime: 6.57s
Took 7 seconds: detailed_route -output_drc /design/work/reports/nangate45/UART16/base/5_route_drc.rpt -output_maze /design/work/results/nangate45/UART16/base/maze.log -droute_end_iter 64 -verbose 1 -drc_report_iter_step 5
[WARNING GRT-0246] No diode with LEF class CORE ANTENNACELL found.
[INFO ANT-0002] Found 0 net violations.
[INFO ANT-0001] Found 0 pin violations.
[INFO ANT-0002] Found 0 net violations.
[INFO ANT-0001] Found 0 pin violations.
Design area 541 um^2 43% utilization.
write_db /design/work/results/nangate45/UART16/base/5_2_route.odb
Elapsed time: 0:07.14[h:]min:sec. CPU time: user 11.65 sys 0.73 (173%). Peak memory: 700980KB.
Log                       Ext     Elapsed/s Peak Memory/MB sha1sum result [0:20)
5_2_route                 .odb            7            684 ba61b062950558268642
