
==========================================================================
floorplan final report_tns
--------------------------------------------------------------------------
tns max 0.00

==========================================================================
floorplan final report_wns
--------------------------------------------------------------------------
wns max 0.00

==========================================================================
floorplan final report_worst_slack
--------------------------------------------------------------------------
worst slack max 0.19

==========================================================================
floorplan final report_clock_min_period
--------------------------------------------------------------------------
core_clock period_min = 0.27 fmax = 3647.06

==========================================================================
floorplan final report_checks -path_delay min
--------------------------------------------------------------------------
Startpoint: stop.pardata[1]$_DFFE_PP_
            (rising edge-triggered flip-flop clocked by core_clock)
Endpoint: stop.pardata[1]$_DFFE_PP_
          (rising edge-triggered flip-flop clocked by core_clock)
Path Group: core_clock
Path Type: min

Fanout     Cap    Slew   Delay    Time   Description
-----------------------------------------------------------------------------
                  0.00    0.00    0.00   clock core_clock (rise edge)
                          0.00    0.00   clock network delay (ideal)
                  0.00    0.00    0.00 ^ stop.pardata[1]$_DFFE_PP_/CK (DFF_X1)
     2    2.40    0.01    0.08    0.08 v stop.pardata[1]$_DFFE_PP_/Q (DFF_X1)
                                         rxhold[1] (net)
                  0.01    0.00    0.08 v _412_/A2 (NAND2_X1)
     1    1.60    0.01    0.02    0.10 ^ _412_/ZN (NAND2_X1)
                                         _167_ (net)
                  0.01    0.00    0.10 ^ _414_/A1 (NAND2_X1)
     1    1.06    0.01    0.01    0.11 v _414_/ZN (NAND2_X1)
                                         _058_ (net)
                  0.01    0.00    0.11 v stop.pardata[1]$_DFFE_PP_/D (DFF_X1)
                                  0.11   data arrival time

                  0.00    0.00    0.00   clock core_clock (rise edge)
                          0.00    0.00   clock network delay (ideal)
                          0.00    0.00   clock reconvergence pessimism
                                  0.00 ^ stop.pardata[1]$_DFFE_PP_/CK (DFF_X1)
                          0.00    0.00   library hold time
                                  0.00   data required time
-----------------------------------------------------------------------------
                                  0.00   data required time
                                 -0.11   data arrival time
-----------------------------------------------------------------------------
                                  0.10   slack (MET)



==========================================================================
floorplan final report_checks -path_delay max
--------------------------------------------------------------------------
Startpoint: addr[0] (input port clocked by core_clock)
Endpoint: ptos.txhold[7]$_DFFE_PP_
          (rising edge-triggered flip-flop clocked by core_clock)
Path Group: core_clock
Path Type: max

Fanout     Cap    Slew   Delay    Time   Description
-----------------------------------------------------------------------------
                  0.00    0.00    0.00   clock core_clock (rise edge)
                          0.00    0.00   clock network delay (ideal)
                          0.09    0.09 ^ input external delay
     1    3.40    0.00    0.00    0.09 ^ addr[0] (in)
                                         addr[0] (net)
                  0.00    0.00    0.09 ^ _310_/A (BUF_X4)
    10   16.35    0.01    0.02    0.12 ^ _310_/Z (BUF_X4)
                                         _100_ (net)
                  0.01    0.00    0.12 ^ _339_/A1 (NAND2_X1)
     2    7.05    0.02    0.03    0.14 v _339_/ZN (NAND2_X1)
                                         _119_ (net)
                  0.02    0.00    0.14 v _340_/A1 (NOR2_X4)
     7   13.32    0.02    0.03    0.17 ^ _340_/ZN (NOR2_X4)
                                         _120_ (net)
                  0.02    0.00    0.17 ^ _447_/S (MUX2_X1)
     1    1.06    0.01    0.06    0.23 v _447_/Z (MUX2_X1)
                                         _067_ (net)
                  0.01    0.00    0.23 v ptos.txhold[7]$_DFFE_PP_/D (DFF_X1)
                                  0.23   data arrival time

                  0.00    0.46    0.46   clock core_clock (rise edge)
                          0.00    0.46   clock network delay (ideal)
                          0.00    0.46   clock reconvergence pessimism
                                  0.46 ^ ptos.txhold[7]$_DFFE_PP_/CK (DFF_X1)
                         -0.04    0.42   library setup time
                                  0.42   data required time
-----------------------------------------------------------------------------
                                  0.42   data required time
                                 -0.23   data arrival time
-----------------------------------------------------------------------------
                                  0.19   slack (MET)



==========================================================================
floorplan final report_checks -unconstrained
--------------------------------------------------------------------------
Startpoint: addr[0] (input port clocked by core_clock)
Endpoint: ptos.txhold[7]$_DFFE_PP_
          (rising edge-triggered flip-flop clocked by core_clock)
Path Group: core_clock
Path Type: max

Fanout     Cap    Slew   Delay    Time   Description
-----------------------------------------------------------------------------
                  0.00    0.00    0.00   clock core_clock (rise edge)
                          0.00    0.00   clock network delay (ideal)
                          0.09    0.09 ^ input external delay
     1    3.40    0.00    0.00    0.09 ^ addr[0] (in)
                                         addr[0] (net)
                  0.00    0.00    0.09 ^ _310_/A (BUF_X4)
    10   16.35    0.01    0.02    0.12 ^ _310_/Z (BUF_X4)
                                         _100_ (net)
                  0.01    0.00    0.12 ^ _339_/A1 (NAND2_X1)
     2    7.05    0.02    0.03    0.14 v _339_/ZN (NAND2_X1)
                                         _119_ (net)
                  0.02    0.00    0.14 v _340_/A1 (NOR2_X4)
     7   13.32    0.02    0.03    0.17 ^ _340_/ZN (NOR2_X4)
                                         _120_ (net)
                  0.02    0.00    0.17 ^ _447_/S (MUX2_X1)
     1    1.06    0.01    0.06    0.23 v _447_/Z (MUX2_X1)
                                         _067_ (net)
                  0.01    0.00    0.23 v ptos.txhold[7]$_DFFE_PP_/D (DFF_X1)
                                  0.23   data arrival time

                  0.00    0.46    0.46   clock core_clock (rise edge)
                          0.00    0.46   clock network delay (ideal)
                          0.00    0.46   clock reconvergence pessimism
                                  0.46 ^ ptos.txhold[7]$_DFFE_PP_/CK (DFF_X1)
                         -0.04    0.42   library setup time
                                  0.42   data required time
-----------------------------------------------------------------------------
                                  0.42   data required time
                                 -0.23   data arrival time
-----------------------------------------------------------------------------
                                  0.19   slack (MET)



==========================================================================
floorplan final report_power
--------------------------------------------------------------------------
Group                  Internal  Switching    Leakage      Total
                          Power      Power      Power      Power (Watts)
----------------------------------------------------------------
Sequential             3.09e-04   1.60e-05   4.63e-06   3.29e-04  76.7%
Combinational          4.88e-05   4.48e-05   6.18e-06   9.98e-05  23.3%
Clock                  0.00e+00   0.00e+00   0.00e+00   0.00e+00   0.0%
Macro                  0.00e+00   0.00e+00   0.00e+00   0.00e+00   0.0%
Pad                    0.00e+00   0.00e+00   0.00e+00   0.00e+00   0.0%
----------------------------------------------------------------
Total                  3.58e-04   6.08e-05   1.08e-05   4.29e-04 100.0%
                          83.3%      14.2%       2.5%
