
==========================================================================
cts final report_tns
--------------------------------------------------------------------------
tns max 0.00

==========================================================================
cts final report_wns
--------------------------------------------------------------------------
wns max 0.00

==========================================================================
cts final report_worst_slack
--------------------------------------------------------------------------
worst slack max 0.13

==========================================================================
cts final report_clock_min_period
--------------------------------------------------------------------------
core_clock period_min = 0.33 fmax = 3035.66

==========================================================================
cts final report_clock_skew
--------------------------------------------------------------------------
Clock core_clock
   0.06 source latency ptos.start$_SDFFE_PP0P_/CK ^
  -0.06 target latency ptos.start$_SDFFE_PP0P_/CK ^
   0.00 CRPR
--------------
   0.00 setup skew


==========================================================================
cts final report_checks -path_delay min
--------------------------------------------------------------------------
Startpoint: dbusin[0] (input port clocked by core_clock)
Endpoint: ptos.txhold[0]$_DFFE_PP_
          (rising edge-triggered flip-flop clocked by core_clock)
Path Group: core_clock
Path Type: min

Fanout     Cap    Slew   Delay    Time   Description
-----------------------------------------------------------------------------
                          0.00    0.00   clock core_clock (rise edge)
                          0.00    0.00   clock network delay (propagated)
                          0.09    0.09 ^ input external delay
     1    1.28    0.00    0.00    0.09 ^ dbusin[0] (in)
                                         dbusin[0] (net)
                  0.00    0.00    0.09 ^ input11/A (BUF_X1)
     1    1.77    0.01    0.02    0.11 ^ input11/Z (BUF_X1)
                                         net10 (net)
                  0.01    0.00    0.11 ^ _355_/A2 (NAND2_X1)
     1    1.58    0.01    0.01    0.12 v _355_/ZN (NAND2_X1)
                                         _129_ (net)
                  0.01    0.00    0.12 v _356_/A (OAI21_X1)
     1    1.29    0.01    0.02    0.14 ^ _356_/ZN (OAI21_X1)
                                         _039_ (net)
                  0.01    0.00    0.14 ^ ptos.txhold[0]$_DFFE_PP_/D (DFF_X1)
                                  0.14   data arrival time

                          0.00    0.00   clock core_clock (rise edge)
                          0.00    0.00   clock source latency
     1    3.98    0.00    0.00    0.00 ^ clk (in)
                                         clk (net)
                  0.00    0.00    0.00 ^ clkbuf_0_clk/A (CLKBUF_X3)
     2    4.49    0.01    0.03    0.03 ^ clkbuf_0_clk/Z (CLKBUF_X3)
                                         clknet_0_clk (net)
                  0.01    0.00    0.03 ^ clkbuf_1_0__f_clk/A (CLKBUF_X3)
     9   13.57    0.01    0.04    0.06 ^ clkbuf_1_0__f_clk/Z (CLKBUF_X3)
                                         clknet_1_0__leaf_clk (net)
                  0.01    0.00    0.06 ^ ptos.txhold[0]$_DFFE_PP_/CK (DFF_X1)
                          0.00    0.06   clock reconvergence pessimism
                          0.01    0.07   library hold time
                                  0.07   data required time
-----------------------------------------------------------------------------
                                  0.07   data required time
                                 -0.14   data arrival time
-----------------------------------------------------------------------------
                                  0.07   slack (MET)



==========================================================================
cts final report_checks -path_delay max
--------------------------------------------------------------------------
Startpoint: addr[0] (input port clocked by core_clock)
Endpoint: dbusout[0] (output port clocked by core_clock)
Path Group: core_clock
Path Type: max

Fanout     Cap    Slew   Delay    Time   Description
-----------------------------------------------------------------------------
                          0.00    0.00   clock core_clock (rise edge)
                          0.00    0.00   clock network delay (propagated)
                          0.09    0.09 ^ input external delay
     1    1.24    0.00    0.00    0.09 ^ addr[0] (in)
                                         addr[0] (net)
                  0.00    0.00    0.09 ^ input9/A (BUF_X1)
     7   13.32    0.03    0.05    0.14 ^ input9/Z (BUF_X1)
                                         net8 (net)
                  0.03    0.00    0.14 ^ place32/A (BUF_X1)
     4    7.23    0.02    0.04    0.18 ^ place32/Z (BUF_X1)
                                         net31 (net)
                  0.02    0.00    0.18 ^ _322_/A1 (NAND2_X1)
     1    1.74    0.01    0.02    0.20 v _322_/ZN (NAND2_X1)
                                         _106_ (net)
                  0.01    0.00    0.20 v _324_/A (OAI21_X1)
     1    1.73    0.02    0.02    0.22 ^ _324_/ZN (OAI21_X1)
                                         net21 (net)
                  0.02    0.00    0.22 ^ output22/A (BUF_X1)
     1    0.21    0.00    0.02    0.24 ^ output22/Z (BUF_X1)
                                         dbusout[0] (net)
                  0.00    0.00    0.24 ^ dbusout[0] (out)
                                  0.24   data arrival time

                          0.46    0.46   clock core_clock (rise edge)
                          0.00    0.46   clock network delay (propagated)
                          0.00    0.46   clock reconvergence pessimism
                         -0.09    0.37   output external delay
                                  0.37   data required time
-----------------------------------------------------------------------------
                                  0.37   data required time
                                 -0.24   data arrival time
-----------------------------------------------------------------------------
                                  0.13   slack (MET)



==========================================================================
cts final report_checks -unconstrained
--------------------------------------------------------------------------
Startpoint: addr[0] (input port clocked by core_clock)
Endpoint: dbusout[0] (output port clocked by core_clock)
Path Group: core_clock
Path Type: max

Fanout     Cap    Slew   Delay    Time   Description
-----------------------------------------------------------------------------
                          0.00    0.00   clock core_clock (rise edge)
                          0.00    0.00   clock network delay (propagated)
                          0.09    0.09 ^ input external delay
     1    1.24    0.00    0.00    0.09 ^ addr[0] (in)
                                         addr[0] (net)
                  0.00    0.00    0.09 ^ input9/A (BUF_X1)
     7   13.32    0.03    0.05    0.14 ^ input9/Z (BUF_X1)
                                         net8 (net)
                  0.03    0.00    0.14 ^ place32/A (BUF_X1)
     4    7.23    0.02    0.04    0.18 ^ place32/Z (BUF_X1)
                                         net31 (net)
                  0.02    0.00    0.18 ^ _322_/A1 (NAND2_X1)
     1    1.74    0.01    0.02    0.20 v _322_/ZN (NAND2_X1)
                                         _106_ (net)
                  0.01    0.00    0.20 v _324_/A (OAI21_X1)
     1    1.73    0.02    0.02    0.22 ^ _324_/ZN (OAI21_X1)
                                         net21 (net)
                  0.02    0.00    0.22 ^ output22/A (BUF_X1)
     1    0.21    0.00    0.02    0.24 ^ output22/Z (BUF_X1)
                                         dbusout[0] (net)
                  0.00    0.00    0.24 ^ dbusout[0] (out)
                                  0.24   data arrival time

                          0.46    0.46   clock core_clock (rise edge)
                          0.00    0.46   clock network delay (propagated)
                          0.00    0.46   clock reconvergence pessimism
                         -0.09    0.37   output external delay
                                  0.37   data required time
-----------------------------------------------------------------------------
                                  0.37   data required time
                                 -0.24   data arrival time
-----------------------------------------------------------------------------
                                  0.13   slack (MET)



==========================================================================
cts final report_check_types -max_slew -max_cap -max_fanout -violators
--------------------------------------------------------------------------

==========================================================================
cts final max_slew_check_slack
--------------------------------------------------------------------------
0.11349355429410934

==========================================================================
cts final max_slew_check_limit
--------------------------------------------------------------------------
0.1985349953174591

==========================================================================
cts final max_slew_check_slack_limit
--------------------------------------------------------------------------
0.5717

==========================================================================
cts final max_fanout_check_slack
--------------------------------------------------------------------------
1.0000000150474662e+30

==========================================================================
cts final max_fanout_check_limit
--------------------------------------------------------------------------
1.0000000150474662e+30

==========================================================================
cts final max_capacitance_check_slack
--------------------------------------------------------------------------
14.643136024475098

==========================================================================
cts final max_capacitance_check_limit
--------------------------------------------------------------------------
16.021699905395508

==========================================================================
cts final max_capacitance_check_slack_limit
--------------------------------------------------------------------------
0.9140

==========================================================================
cts final max_slew_violation_count
--------------------------------------------------------------------------
max slew violation count 0

==========================================================================
cts final max_fanout_violation_count
--------------------------------------------------------------------------
max fanout violation count 0

==========================================================================
cts final max_cap_violation_count
--------------------------------------------------------------------------
max cap violation count 0

==========================================================================
cts final setup_violation_count
--------------------------------------------------------------------------
setup violation count 0

==========================================================================
cts final hold_violation_count
--------------------------------------------------------------------------
hold violation count 0

==========================================================================
cts final report_checks -path_delay max reg to reg
--------------------------------------------------------------------------
Startpoint: ptos.txhold[7]$_DFFE_PP_
            (rising edge-triggered flip-flop clocked by core_clock)
Endpoint: ptos.txhold[7]$_DFFE_PP_
          (rising edge-triggered flip-flop clocked by core_clock)
Path Group: core_clock
Path Type: max

  Delay    Time   Description
---------------------------------------------------------
   0.00    0.00   clock core_clock (rise edge)
   0.00    0.00   clock source latency
   0.00    0.00 ^ clk (in)
   0.03    0.03 ^ clkbuf_0_clk/Z (CLKBUF_X3)
   0.04    0.06 ^ clkbuf_1_0__f_clk/Z (CLKBUF_X3)
   0.00    0.06 ^ ptos.txhold[7]$_DFFE_PP_/CK (DFF_X1)
   0.09    0.15 v ptos.txhold[7]$_DFFE_PP_/Q (DFF_X1)
   0.06    0.21 v _447_/Z (MUX2_X1)
   0.00    0.21 v ptos.txhold[7]$_DFFE_PP_/D (DFF_X1)
           0.21   data arrival time

   0.46    0.46   clock core_clock (rise edge)
   0.00    0.46   clock source latency
   0.00    0.46 ^ clk (in)
   0.03    0.49 ^ clkbuf_0_clk/Z (CLKBUF_X3)
   0.04    0.52 ^ clkbuf_1_0__f_clk/Z (CLKBUF_X3)
   0.00    0.52 ^ ptos.txhold[7]$_DFFE_PP_/CK (DFF_X1)
   0.00    0.52   clock reconvergence pessimism
  -0.04    0.49   library setup time
           0.49   data required time
---------------------------------------------------------
           0.49   data required time
          -0.21   data arrival time
---------------------------------------------------------
           0.28   slack (MET)



==========================================================================
cts final report_checks -path_delay min reg to reg
--------------------------------------------------------------------------
Startpoint: stop.pardata[1]$_DFFE_PP_
            (rising edge-triggered flip-flop clocked by core_clock)
Endpoint: stop.pardata[1]$_DFFE_PP_
          (rising edge-triggered flip-flop clocked by core_clock)
Path Group: core_clock
Path Type: min

  Delay    Time   Description
---------------------------------------------------------
   0.00    0.00   clock core_clock (rise edge)
   0.00    0.00   clock source latency
   0.00    0.00 ^ clk (in)
   0.03    0.03 ^ clkbuf_0_clk/Z (CLKBUF_X3)
   0.04    0.06 ^ clkbuf_1_1__f_clk/Z (CLKBUF_X3)
   0.00    0.06 ^ stop.pardata[1]$_DFFE_PP_/CK (DFF_X1)
   0.09    0.15 v stop.pardata[1]$_DFFE_PP_/Q (DFF_X1)
   0.02    0.17 ^ _412_/ZN (NAND2_X1)
   0.01    0.18 v _414_/ZN (NAND2_X1)
   0.00    0.18 v stop.pardata[1]$_DFFE_PP_/D (DFF_X1)
           0.18   data arrival time

   0.00    0.00   clock core_clock (rise edge)
   0.00    0.00   clock source latency
   0.00    0.00 ^ clk (in)
   0.03    0.03 ^ clkbuf_0_clk/Z (CLKBUF_X3)
   0.04    0.06 ^ clkbuf_1_1__f_clk/Z (CLKBUF_X3)
   0.00    0.06 ^ stop.pardata[1]$_DFFE_PP_/CK (DFF_X1)
   0.00    0.06   clock reconvergence pessimism
   0.00    0.07   library hold time
           0.07   data required time
---------------------------------------------------------
           0.07   data required time
          -0.18   data arrival time
---------------------------------------------------------
           0.11   slack (MET)



==========================================================================
cts final critical path target clock latency max path
--------------------------------------------------------------------------
0.0645

==========================================================================
cts final critical path target clock latency min path
--------------------------------------------------------------------------
0.0644

==========================================================================
cts final critical path source clock latency min path
--------------------------------------------------------------------------
0.0000

==========================================================================
cts final critical path delay
--------------------------------------------------------------------------
0.2374

==========================================================================
cts final critical path slack
--------------------------------------------------------------------------
0.1306

==========================================================================
cts final slack div critical path delay
--------------------------------------------------------------------------
55.012637

==========================================================================
cts final report_power
--------------------------------------------------------------------------
Group                  Internal  Switching    Leakage      Total
                          Power      Power      Power      Power (Watts)
----------------------------------------------------------------
Sequential             3.08e-04   1.90e-05   4.63e-06   3.32e-04  55.7%
Combinational          4.87e-05   5.67e-05   5.98e-06   1.11e-04  18.7%
Clock                  7.03e-05   8.27e-05   1.06e-07   1.53e-04  25.7%
Macro                  0.00e+00   0.00e+00   0.00e+00   0.00e+00   0.0%
Pad                    0.00e+00   0.00e+00   0.00e+00   0.00e+00   0.0%
----------------------------------------------------------------
Total                  4.27e-04   1.58e-04   1.07e-05   5.96e-04 100.0%
                          71.6%      26.6%       1.8%
