
==========================================================================
global route report_tns
--------------------------------------------------------------------------
tns max 0.00

==========================================================================
global route report_wns
--------------------------------------------------------------------------
wns max 0.00

==========================================================================
global route report_worst_slack
--------------------------------------------------------------------------
worst slack max 0.12

==========================================================================
global route report_clock_min_period
--------------------------------------------------------------------------
core_clock period_min = 0.34 fmax = 2984.44

==========================================================================
global route report_clock_skew
--------------------------------------------------------------------------
Clock core_clock
   0.07 source latency ptos.start$_SDFFE_PP0P_/CK ^
  -0.07 target latency ptos.start$_SDFFE_PP0P_/CK ^
   0.00 CRPR
--------------
   0.00 setup skew


==========================================================================
global route report_checks -path_delay min
--------------------------------------------------------------------------
Startpoint: dbusin[0] (input port clocked by core_clock)
Endpoint: ptos.txhold[0]$_DFFE_PP_
          (rising edge-triggered flip-flop clocked by core_clock)
Path Group: core_clock
Path Type: min

Fanout     Cap    Slew   Delay    Time   Description
-----------------------------------------------------------------------------
                          0.00    0.00   clock core_clock (rise edge)
                          0.00    0.00   clock network delay (propagated)
                          0.09    0.09 ^ input external delay
     1    1.39    0.00    0.00    0.09 ^ dbusin[0] (in)
                                         dbusin[0] (net)
                  0.00    0.00    0.09 ^ input11/A (BUF_X1)
     1    1.94    0.01    0.02    0.11 ^ input11/Z (BUF_X1)
                                         net10 (net)
                  0.01    0.00    0.11 ^ _355_/A2 (NAND2_X1)
     1    1.86    0.01    0.01    0.12 v _355_/ZN (NAND2_X1)
                                         _129_ (net)
                  0.01    0.00    0.12 v _356_/A (OAI21_X1)
     1    1.72    0.01    0.02    0.14 ^ _356_/ZN (OAI21_X1)
                                         _039_ (net)
                  0.01    0.00    0.14 ^ ptos.txhold[0]$_DFFE_PP_/D (DFF_X1)
                                  0.14   data arrival time

                          0.00    0.00   clock core_clock (rise edge)
                          0.00    0.00   clock source latency
     1    4.48    0.00    0.00    0.00 ^ clk (in)
                                         clk (net)
                  0.00    0.00    0.00 ^ clkbuf_0_clk/A (CLKBUF_X3)
     2    5.18    0.01    0.03    0.03 ^ clkbuf_0_clk/Z (CLKBUF_X3)
                                         clknet_0_clk (net)
                  0.01    0.00    0.03 ^ clkbuf_1_0__f_clk/A (CLKBUF_X3)
     9   14.35    0.01    0.04    0.07 ^ clkbuf_1_0__f_clk/Z (CLKBUF_X3)
                                         clknet_1_0__leaf_clk (net)
                  0.01    0.00    0.07 ^ ptos.txhold[0]$_DFFE_PP_/CK (DFF_X1)
                          0.00    0.07   clock reconvergence pessimism
                          0.01    0.08   library hold time
                                  0.08   data required time
-----------------------------------------------------------------------------
                                  0.08   data required time
                                 -0.14   data arrival time
-----------------------------------------------------------------------------
                                  0.07   slack (MET)



==========================================================================
global route report_checks -path_delay max
--------------------------------------------------------------------------
Startpoint: addr[0] (input port clocked by core_clock)
Endpoint: dbusout[0] (output port clocked by core_clock)
Path Group: core_clock
Path Type: max

Fanout     Cap    Slew   Delay    Time   Description
-----------------------------------------------------------------------------
                          0.00    0.00   clock core_clock (rise edge)
                          0.00    0.00   clock network delay (propagated)
                          0.09    0.09 ^ input external delay
     1    1.42    0.00    0.00    0.09 ^ addr[0] (in)
                                         addr[0] (net)
                  0.00    0.00    0.09 ^ input9/A (BUF_X1)
     7   14.28    0.03    0.05    0.14 ^ input9/Z (BUF_X1)
                                         net8 (net)
                  0.03    0.00    0.14 ^ place32/A (BUF_X1)
     4    7.71    0.02    0.04    0.18 ^ place32/Z (BUF_X1)
                                         net31 (net)
                  0.02    0.00    0.18 ^ _322_/A1 (NAND2_X1)
     1    1.66    0.01    0.02    0.20 v _322_/ZN (NAND2_X1)
                                         _106_ (net)
                  0.01    0.00    0.20 v _324_/A (OAI21_X1)
     1    1.69    0.02    0.02    0.22 ^ _324_/ZN (OAI21_X1)
                                         net21 (net)
                  0.02    0.00    0.22 ^ output22/A (BUF_X1)
     1    0.85    0.01    0.02    0.24 ^ output22/Z (BUF_X1)
                                         dbusout[0] (net)
                  0.01    0.00    0.24 ^ dbusout[0] (out)
                                  0.24   data arrival time

                          0.46    0.46   clock core_clock (rise edge)
                          0.00    0.46   clock network delay (propagated)
                          0.00    0.46   clock reconvergence pessimism
                         -0.09    0.37   output external delay
                                  0.37   data required time
-----------------------------------------------------------------------------
                                  0.37   data required time
                                 -0.24   data arrival time
-----------------------------------------------------------------------------
                                  0.12   slack (MET)



==========================================================================
global route report_checks -unconstrained
--------------------------------------------------------------------------
Startpoint: addr[0] (input port clocked by core_clock)
Endpoint: dbusout[0] (output port clocked by core_clock)
Path Group: core_clock
Path Type: max

Fanout     Cap    Slew   Delay    Time   Description
-----------------------------------------------------------------------------
                          0.00    0.00   clock core_clock (rise edge)
                          0.00    0.00   clock network delay (propagated)
                          0.09    0.09 ^ input external delay
     1    1.42    0.00    0.00    0.09 ^ addr[0] (in)
                                         addr[0] (net)
                  0.00    0.00    0.09 ^ input9/A (BUF_X1)
     7   14.28    0.03    0.05    0.14 ^ input9/Z (BUF_X1)
                                         net8 (net)
                  0.03    0.00    0.14 ^ place32/A (BUF_X1)
     4    7.71    0.02    0.04    0.18 ^ place32/Z (BUF_X1)
                                         net31 (net)
                  0.02    0.00    0.18 ^ _322_/A1 (NAND2_X1)
     1    1.66    0.01    0.02    0.20 v _322_/ZN (NAND2_X1)
                                         _106_ (net)
                  0.01    0.00    0.20 v _324_/A (OAI21_X1)
     1    1.69    0.02    0.02    0.22 ^ _324_/ZN (OAI21_X1)
                                         net21 (net)
                  0.02    0.00    0.22 ^ output22/A (BUF_X1)
     1    0.85    0.01    0.02    0.24 ^ output22/Z (BUF_X1)
                                         dbusout[0] (net)
                  0.01    0.00    0.24 ^ dbusout[0] (out)
                                  0.24   data arrival time

                          0.46    0.46   clock core_clock (rise edge)
                          0.00    0.46   clock network delay (propagated)
                          0.00    0.46   clock reconvergence pessimism
                         -0.09    0.37   output external delay
                                  0.37   data required time
-----------------------------------------------------------------------------
                                  0.37   data required time
                                 -0.24   data arrival time
-----------------------------------------------------------------------------
                                  0.12   slack (MET)



==========================================================================
global route report_check_types -max_slew -max_cap -max_fanout -violators
--------------------------------------------------------------------------

==========================================================================
global route max_slew_check_slack
--------------------------------------------------------------------------
0.108945332467556

==========================================================================
global route max_slew_check_limit
--------------------------------------------------------------------------
0.1985349953174591

==========================================================================
global route max_slew_check_slack_limit
--------------------------------------------------------------------------
0.5487

==========================================================================
global route max_fanout_check_slack
--------------------------------------------------------------------------
1.0000000150474662e+30

==========================================================================
global route max_fanout_check_limit
--------------------------------------------------------------------------
1.0000000150474662e+30

==========================================================================
global route max_capacitance_check_slack
--------------------------------------------------------------------------
14.341647148132324

==========================================================================
global route max_capacitance_check_limit
--------------------------------------------------------------------------
16.021699905395508

==========================================================================
global route max_capacitance_check_slack_limit
--------------------------------------------------------------------------
0.8951

==========================================================================
global route max_slew_violation_count
--------------------------------------------------------------------------
max slew violation count 0

==========================================================================
global route max_fanout_violation_count
--------------------------------------------------------------------------
max fanout violation count 0

==========================================================================
global route max_cap_violation_count
--------------------------------------------------------------------------
max cap violation count 0

==========================================================================
global route setup_violation_count
--------------------------------------------------------------------------
setup violation count 0

==========================================================================
global route hold_violation_count
--------------------------------------------------------------------------
hold violation count 0

==========================================================================
global route report_checks -path_delay max reg to reg
--------------------------------------------------------------------------
Startpoint: ptos.txhold[7]$_DFFE_PP_
            (rising edge-triggered flip-flop clocked by core_clock)
Endpoint: ptos.txhold[7]$_DFFE_PP_
          (rising edge-triggered flip-flop clocked by core_clock)
Path Group: core_clock
Path Type: max

  Delay    Time   Description
---------------------------------------------------------
   0.00    0.00   clock core_clock (rise edge)
   0.00    0.00   clock source latency
   0.00    0.00 ^ clk (in)
   0.03    0.03 ^ clkbuf_0_clk/Z (CLKBUF_X3)
   0.04    0.07 ^ clkbuf_1_0__f_clk/Z (CLKBUF_X3)
   0.00    0.07 ^ ptos.txhold[7]$_DFFE_PP_/CK (DFF_X1)
   0.09    0.16 v ptos.txhold[7]$_DFFE_PP_/Q (DFF_X1)
   0.06    0.22 v _447_/Z (MUX2_X1)
   0.00    0.22 v ptos.txhold[7]$_DFFE_PP_/D (DFF_X1)
           0.22   data arrival time

   0.46    0.46   clock core_clock (rise edge)
   0.00    0.46   clock source latency
   0.00    0.46 ^ clk (in)
   0.03    0.49 ^ clkbuf_0_clk/Z (CLKBUF_X3)
   0.04    0.53 ^ clkbuf_1_0__f_clk/Z (CLKBUF_X3)
   0.00    0.53 ^ ptos.txhold[7]$_DFFE_PP_/CK (DFF_X1)
   0.00    0.53   clock reconvergence pessimism
  -0.04    0.49   library setup time
           0.49   data required time
---------------------------------------------------------
           0.49   data required time
          -0.22   data arrival time
---------------------------------------------------------
           0.27   slack (MET)



==========================================================================
global route report_checks -path_delay min reg to reg
--------------------------------------------------------------------------
Startpoint: stop.pardata[1]$_DFFE_PP_
            (rising edge-triggered flip-flop clocked by core_clock)
Endpoint: stop.pardata[1]$_DFFE_PP_
          (rising edge-triggered flip-flop clocked by core_clock)
Path Group: core_clock
Path Type: min

  Delay    Time   Description
---------------------------------------------------------
   0.00    0.00   clock core_clock (rise edge)
   0.00    0.00   clock source latency
   0.00    0.00 ^ clk (in)
   0.03    0.03 ^ clkbuf_0_clk/Z (CLKBUF_X3)
   0.04    0.07 ^ clkbuf_1_1__f_clk/Z (CLKBUF_X3)
   0.00    0.07 ^ stop.pardata[1]$_DFFE_PP_/CK (DFF_X1)
   0.09    0.15 v stop.pardata[1]$_DFFE_PP_/Q (DFF_X1)
   0.02    0.17 ^ _412_/ZN (NAND2_X1)
   0.01    0.18 v _414_/ZN (NAND2_X1)
   0.00    0.18 v stop.pardata[1]$_DFFE_PP_/D (DFF_X1)
           0.18   data arrival time

   0.00    0.00   clock core_clock (rise edge)
   0.00    0.00   clock source latency
   0.00    0.00 ^ clk (in)
   0.03    0.03 ^ clkbuf_0_clk/Z (CLKBUF_X3)
   0.04    0.07 ^ clkbuf_1_1__f_clk/Z (CLKBUF_X3)
   0.00    0.07 ^ stop.pardata[1]$_DFFE_PP_/CK (DFF_X1)
   0.00    0.07   clock reconvergence pessimism
   0.00    0.07   library hold time
           0.07   data required time
---------------------------------------------------------
           0.07   data required time
          -0.18   data arrival time
---------------------------------------------------------
           0.11   slack (MET)



==========================================================================
global route critical path target clock latency max path
--------------------------------------------------------------------------
0.0665

==========================================================================
global route critical path target clock latency min path
--------------------------------------------------------------------------
0.0663

==========================================================================
global route critical path source clock latency min path
--------------------------------------------------------------------------
0.0000

==========================================================================
global route critical path delay
--------------------------------------------------------------------------
0.2431

==========================================================================
global route critical path slack
--------------------------------------------------------------------------
0.1249

==========================================================================
global route slack div critical path delay
--------------------------------------------------------------------------
51.378034

==========================================================================
global route report_power
--------------------------------------------------------------------------
Group                  Internal  Switching    Leakage      Total
                          Power      Power      Power      Power (Watts)
----------------------------------------------------------------
Sequential             3.08e-04   2.09e-05   4.63e-06   3.34e-04  54.5%
Combinational          4.89e-05   6.25e-05   5.98e-06   1.17e-04  19.1%
Clock                  7.07e-05   9.07e-05   1.06e-07   1.61e-04  26.4%
Macro                  0.00e+00   0.00e+00   0.00e+00   0.00e+00   0.0%
Pad                    0.00e+00   0.00e+00   0.00e+00   0.00e+00   0.0%
----------------------------------------------------------------
Total                  4.28e-04   1.74e-04   1.07e-05   6.13e-04 100.0%
                          69.9%      28.4%       1.7%
